// Jest Snapshot v1, https://goo.gl/fbAQLP

exports[`Pruebas en <ContactForm /> Debe de mostrarse el formulario 1`] = `
Object {
  "asFragment": [Function],
  "baseElement": <body>
    <div>
      <form
        id="form-validation"
      >
        <label
          for="name"
        >
          Nombre
        </label>
        <input
          id="name"
          name="name"
          placeholder="Nombre y apellido"
          type="text"
        />
        <p />
        <label
          for="email"
        >
          Email
        </label>
        <input
          id="email"
          name="email"
          placeholder="Email"
          type="email"
        />
        <p />
        <label
          for="message"
        >
          Mensaje
        </label>
        <textarea
          cols="50"
          id="message"
          name="message"
          placeholder="Mensaje"
          rows="10"
        />
        <p />
        <button
          type="submit"
        >
          Enviar
        </button>
      </form>
    </div>
  </body>,
  "container": <div>
    <form
      id="form-validation"
    >
      <label
        for="name"
      >
        Nombre
      </label>
      <input
        id="name"
        name="name"
        placeholder="Nombre y apellido"
        type="text"
      />
      <p />
      <label
        for="email"
      >
        Email
      </label>
      <input
        id="email"
        name="email"
        placeholder="Email"
        type="email"
      />
      <p />
      <label
        for="message"
      >
        Mensaje
      </label>
      <textarea
        cols="50"
        id="message"
        name="message"
        placeholder="Mensaje"
        rows="10"
      />
      <p />
      <button
        type="submit"
      >
        Enviar
      </button>
    </form>
  </div>,
  "debug": [Function],
  "findAllByAltText": [Function],
  "findAllByDisplayValue": [Function],
  "findAllByLabelText": [Function],
  "findAllByPlaceholderText": [Function],
  "findAllByRole": [Function],
  "findAllByTestId": [Function],
  "findAllByText": [Function],
  "findAllByTitle": [Function],
  "findByAltText": [Function],
  "findByDisplayValue": [Function],
  "findByLabelText": [Function],
  "findByPlaceholderText": [Function],
  "findByRole": [Function],
  "findByTestId": [Function],
  "findByText": [Function],
  "findByTitle": [Function],
  "getAllByAltText": [Function],
  "getAllByDisplayValue": [Function],
  "getAllByLabelText": [Function],
  "getAllByPlaceholderText": [Function],
  "getAllByRole": [Function],
  "getAllByTestId": [Function],
  "getAllByText": [Function],
  "getAllByTitle": [Function],
  "getByAltText": [Function],
  "getByDisplayValue": [Function],
  "getByLabelText": [Function],
  "getByPlaceholderText": [Function],
  "getByRole": [Function],
  "getByTestId": [Function],
  "getByText": [Function],
  "getByTitle": [Function],
  "queryAllByAltText": [Function],
  "queryAllByDisplayValue": [Function],
  "queryAllByLabelText": [Function],
  "queryAllByPlaceholderText": [Function],
  "queryAllByRole": [Function],
  "queryAllByTestId": [Function],
  "queryAllByText": [Function],
  "queryAllByTitle": [Function],
  "queryByAltText": [Function],
  "queryByDisplayValue": [Function],
  "queryByLabelText": [Function],
  "queryByPlaceholderText": [Function],
  "queryByRole": [Function],
  "queryByTestId": [Function],
  "queryByText": [Function],
  "queryByTitle": [Function],
  "rerender": [Function],
  "unmount": [Function],
}
`;
