// Jest Snapshot v1, https://goo.gl/fbAQLP

exports[`Pruebas en <projects /> debe de funcionar correctamente 1`] = `<projects />`;
